[0.093s] DEBUG:colcon:Command line arguments: ['/usr/bin/colcon', 'build', '--symlink-install']
[0.093s] DEBUG:colcon:Parsed command line arguments: Namespace(log_base=None, log_level=None, verb_name='build', build_base='build', install_base='install', merge_install=False, symlink_install=True, test_result_base=None, continue_on_error=False, executor='parallel', parallel_workers=22, event_handlers=None, ignore_user_meta=False, metas=['./colcon.meta'], base_paths=['.'], packages_ignore=None, packages_ignore_regex=None, paths=None, packages_up_to=None, packages_up_to_regex=None, packages_above=None, packages_above_and_dependencies=None, packages_above_depth=None, packages_select_by_dep=None, packages_skip_by_dep=None, packages_skip_up_to=None, packages_select_build_failed=False, packages_skip_build_finished=False, packages_select_test_failures=False, packages_skip_test_passed=False, packages_select=None, packages_skip=None, packages_select_regex=None, packages_skip_regex=None, packages_start=None, packages_end=None, allow_overriding=[], cmake_args=None, cmake_target=None, cmake_target_skip_unavailable=False, cmake_clean_cache=False, cmake_clean_first=False, cmake_force_configure=False, ament_cmake_args=None, catkin_cmake_args=None, catkin_skip_building_tests=False, mixin_files=None, mixin=None, verb_parser=<colcon_mixin.mixin.mixin_argument.MixinArgumentDecorator object at 0x78644ebd4050>, verb_extension=<colcon_core.verb.build.BuildVerb object at 0x78644ebb7920>, main=<bound method BuildVerb.main of <colcon_core.verb.build.BuildVerb object at 0x78644ebb7920>>, mixin_verb=('build',))
[0.130s] Level 1:colcon.colcon_core.package_discovery:discover_packages(colcon_meta) check parameters
[0.130s] Level 1:colcon.colcon_core.package_discovery:discover_packages(recursive) check parameters
[0.130s] Level 1:colcon.colcon_core.package_discovery:discover_packages(ignore) check parameters
[0.130s] Level 1:colcon.colcon_core.package_discovery:discover_packages(path) check parameters
[0.130s] Level 1:colcon.colcon_core.package_discovery:discover_packages(colcon_meta) discover
[0.130s] Level 1:colcon.colcon_core.package_discovery:discover_packages(recursive) discover
[0.130s] INFO:colcon.colcon_core.package_discovery:Crawling recursively for packages in '/home/ellie/ros2_ws/src/roboBehaviors-FSM'
[0.130s] Level 1:colcon.colcon_core.package_identification:_identify(.) by extensions ['ignore', 'ignore_ament_install']
[0.130s] Level 1:colcon.colcon_core.package_identification:_identify(.) by extension 'ignore'
[0.130s] Level 1:colcon.colcon_core.package_identification:_identify(.) by extension 'ignore_ament_install'
[0.130s] Level 1:colcon.colcon_core.package_identification:_identify(.) by extensions ['colcon_pkg']
[0.130s] Level 1:colcon.colcon_core.package_identification:_identify(.) by extension 'colcon_pkg'
[0.130s] Level 1:colcon.colcon_core.package_identification:_identify(.) by extensions ['colcon_meta']
[0.130s] Level 1:colcon.colcon_core.package_identification:_identify(.) by extension 'colcon_meta'
[0.130s] Level 1:colcon.colcon_core.package_identification:_identify(.) by extensions ['ros']
[0.130s] Level 1:colcon.colcon_core.package_identification:_identify(.) by extension 'ros'
[0.150s] Level 1:colcon.colcon_core.package_identification:_identify(.) by extensions ['cmake', 'python']
[0.150s] Level 1:colcon.colcon_core.package_identification:_identify(.) by extension 'cmake'
[0.150s] Level 1:colcon.colcon_core.package_identification:_identify(.) by extension 'python'
[0.150s] Level 1:colcon.colcon_core.package_identification:_identify(.) by extensions ['python_setup_py']
[0.150s] Level 1:colcon.colcon_core.package_identification:_identify(.) by extension 'python_setup_py'
[0.150s] Level 1:colcon.colcon_core.package_identification:_identify(build) by extensions ['ignore', 'ignore_ament_install']
[0.150s] Level 1:colcon.colcon_core.package_identification:_identify(build) by extension 'ignore'
[0.150s] Level 1:colcon.colcon_core.package_identification:_identify(build) ignored
[0.150s] Level 1:colcon.colcon_core.package_identification:_identify(install) by extensions ['ignore', 'ignore_ament_install']
[0.150s] Level 1:colcon.colcon_core.package_identification:_identify(install) by extension 'ignore'
[0.150s] Level 1:colcon.colcon_core.package_identification:_identify(install) ignored
[0.150s] Level 1:colcon.colcon_core.package_identification:_identify(log) by extensions ['ignore', 'ignore_ament_install']
[0.150s] Level 1:colcon.colcon_core.package_identification:_identify(log) by extension 'ignore'
[0.150s] Level 1:colcon.colcon_core.package_identification:_identify(log) ignored
[0.150s] Level 1:colcon.colcon_core.package_identification:_identify(ros_behavior_fsm) by extensions ['ignore', 'ignore_ament_install']
[0.150s] Level 1:colcon.colcon_core.package_identification:_identify(ros_behavior_fsm) by extension 'ignore'
[0.150s] Level 1:colcon.colcon_core.package_identification:_identify(ros_behavior_fsm) by extension 'ignore_ament_install'
[0.151s] Level 1:colcon.colcon_core.package_identification:_identify(ros_behavior_fsm) by extensions ['colcon_pkg']
[0.151s] Level 1:colcon.colcon_core.package_identification:_identify(ros_behavior_fsm) by extension 'colcon_pkg'
[0.151s] Level 1:colcon.colcon_core.package_identification:_identify(ros_behavior_fsm) by extensions ['colcon_meta']
[0.151s] Level 1:colcon.colcon_core.package_identification:_identify(ros_behavior_fsm) by extension 'colcon_meta'
[0.151s] Level 1:colcon.colcon_core.package_identification:_identify(ros_behavior_fsm) by extensions ['ros']
[0.151s] Level 1:colcon.colcon_core.package_identification:_identify(ros_behavior_fsm) by extension 'ros'
[0.153s] DEBUG:colcon.colcon_core.package_identification:Package 'ros_behavior_fsm' with type 'ros.ament_python' and name 'ros_behavior_fsm'
[0.153s] Level 1:colcon.colcon_core.package_discovery:discover_packages(recursive) using defaults
[0.153s] Level 1:colcon.colcon_core.package_discovery:discover_packages(ignore) discover
[0.153s] Level 1:colcon.colcon_core.package_discovery:discover_packages(ignore) using defaults
[0.153s] Level 1:colcon.colcon_core.package_discovery:discover_packages(path) discover
[0.153s] Level 1:colcon.colcon_core.package_discovery:discover_packages(path) using defaults
[0.168s] Level 1:colcon.colcon_core.package_discovery:discover_packages(prefix_path) check parameters
[0.168s] Level 1:colcon.colcon_core.package_discovery:discover_packages(prefix_path) discover
[0.170s] DEBUG:colcon.colcon_installed_package_information.package_discovery:Found 17 installed packages in /home/ellie/ros2_ws/install
[0.170s] DEBUG:colcon.colcon_installed_package_information.package_discovery:Found 1 installed packages in /home/ellie/ros2_ws/src/roboBehaviors-FSM/install
[0.171s] DEBUG:colcon.colcon_installed_package_information.package_discovery:Found 395 installed packages in /opt/ros/jazzy
[0.172s] Level 1:colcon.colcon_core.package_discovery:discover_packages(prefix_path) using defaults
[0.212s] Level 5:colcon.colcon_core.verb:set package 'ros_behavior_fsm' build argument 'cmake_args' from command line to 'None'
[0.212s] Level 5:colcon.colcon_core.verb:set package 'ros_behavior_fsm' build argument 'cmake_target' from command line to 'None'
[0.212s] Level 5:colcon.colcon_core.verb:set package 'ros_behavior_fsm' build argument 'cmake_target_skip_unavailable' from command line to 'False'
[0.212s] Level 5:colcon.colcon_core.verb:set package 'ros_behavior_fsm' build argument 'cmake_clean_cache' from command line to 'False'
[0.212s] Level 5:colcon.colcon_core.verb:set package 'ros_behavior_fsm' build argument 'cmake_clean_first' from command line to 'False'
[0.212s] Level 5:colcon.colcon_core.verb:set package 'ros_behavior_fsm' build argument 'cmake_force_configure' from command line to 'False'
[0.212s] Level 5:colcon.colcon_core.verb:set package 'ros_behavior_fsm' build argument 'ament_cmake_args' from command line to 'None'
[0.212s] Level 5:colcon.colcon_core.verb:set package 'ros_behavior_fsm' build argument 'catkin_cmake_args' from command line to 'None'
[0.212s] Level 5:colcon.colcon_core.verb:set package 'ros_behavior_fsm' build argument 'catkin_skip_building_tests' from command line to 'False'
[0.212s] DEBUG:colcon.colcon_core.verb:Building package 'ros_behavior_fsm' with the following arguments: {'ament_cmake_args': None, 'build_base': '/home/ellie/ros2_ws/src/roboBehaviors-FSM/build/ros_behavior_fsm', 'catkin_cmake_args': None, 'catkin_skip_building_tests': False, 'cmake_args': None, 'cmake_clean_cache': False, 'cmake_clean_first': False, 'cmake_force_configure': False, 'cmake_target': None, 'cmake_target_skip_unavailable': False, 'install_base': '/home/ellie/ros2_ws/src/roboBehaviors-FSM/install/ros_behavior_fsm', 'merge_install': False, 'path': '/home/ellie/ros2_ws/src/roboBehaviors-FSM/ros_behavior_fsm', 'symlink_install': True, 'test_result_base': None}
[0.212s] INFO:colcon.colcon_core.executor:Executing jobs using 'parallel' executor
[0.213s] DEBUG:colcon.colcon_parallel_executor.executor.parallel:run_until_complete
[0.213s] INFO:colcon.colcon_ros.task.ament_python.build:Building ROS package in '/home/ellie/ros2_ws/src/roboBehaviors-FSM/ros_behavior_fsm' with build type 'ament_python'
[0.213s] Level 1:colcon.colcon_core.shell:create_environment_hook('ros_behavior_fsm', 'ament_prefix_path')
[0.217s] INFO:colcon.colcon_core.plugin_system:Skipping extension 'colcon_core.shell.bat': Not used on non-Windows systems
[0.217s] INFO:colcon.colcon_core.shell:Creating environment hook '/home/ellie/ros2_ws/src/roboBehaviors-FSM/install/ros_behavior_fsm/share/ros_behavior_fsm/hook/ament_prefix_path.ps1'
[0.218s] INFO:colcon.colcon_core.shell:Creating environment descriptor '/home/ellie/ros2_ws/src/roboBehaviors-FSM/install/ros_behavior_fsm/share/ros_behavior_fsm/hook/ament_prefix_path.dsv'
[0.219s] INFO:colcon.colcon_core.shell:Creating environment hook '/home/ellie/ros2_ws/src/roboBehaviors-FSM/install/ros_behavior_fsm/share/ros_behavior_fsm/hook/ament_prefix_path.sh'
[0.220s] INFO:colcon.colcon_core.shell:Skip shell extension 'powershell' for command environment: Not usable outside of PowerShell
[0.220s] DEBUG:colcon.colcon_core.shell:Skip shell extension 'dsv' for command environment
[0.385s] INFO:colcon.colcon_core.task.python.build:Building Python package in '/home/ellie/ros2_ws/src/roboBehaviors-FSM/ros_behavior_fsm'
[0.386s] INFO:colcon.colcon_core.shell:Skip shell extension 'powershell' for command environment: Not usable outside of PowerShell
[0.386s] DEBUG:colcon.colcon_core.shell:Skip shell extension 'dsv' for command environment
[0.876s] DEBUG:colcon.colcon_core.task.python.build:Available setuptools commands: develop, symlink_data, upload, egg_info, install_data, build_ext, editable_wheel, build, sdist, rotate, test, dist_info, bdist_wheel, clean, easy_install, build_clib, check, install_egg_info, saveopts, install_lib, build_scripts, bdist, bdist_dumb, register, extract_messages, build_py, setopt, install_scripts, bdist_egg, compile_catalog, init_catalog, upload_docs, alias, install_headers, update_catalog, install, bdist_rpm
[1.099s] DEBUG:colcon.colcon_core.task.python.build:Available setuptools 'develop' options: --uninstall, --egg-path, --no-user-cfg, --editable, --no-find-links, --version, --help, --site-dirs, --install-layout, --quiet, --zip-ok, --prefix, --record, --index-url, --always-unzip, --local-snapshots-ok, --verbose, --no-deps, --exclude-scripts, --upgrade, --script-dir, --multi-version, --allow-hosts, --install-dir, --force-installation-into-system-dir, --user, --build-directory, --find-links, --optimize, --dry-run, --always-copy
[1.102s] DEBUG:colcon.colcon_core.event_handler.log_command:Invoking command in '/home/ellie/ros2_ws/src/roboBehaviors-FSM/build/ros_behavior_fsm': DEBUGINFOD_URLS=https://debuginfod.ubuntu.com PYTHONPATH=/home/ellie/ros2_ws/src/roboBehaviors-FSM/build/ros_behavior_fsm/prefix_override:/usr/lib/python3/dist-packages/colcon_core/task/python/colcon_distutils_commands:/home/ellie/ros2_ws/src/roboBehaviors-FSM/install/ros_behavior_fsm/lib/python3.12/site-packages:${PYTHONPATH} /usr/bin/python3 -W ignore:setup.py install is deprecated -W ignore:easy_install command is deprecated setup.py develop --editable --build-directory /home/ellie/ros2_ws/src/roboBehaviors-FSM/build/ros_behavior_fsm/build --no-deps symlink_data
[1.542s] Level 1:colcon.colcon_core.shell:create_environment_hook('ros_behavior_fsm', 'pythonpath_develop')
[1.542s] INFO:colcon.colcon_core.shell:Creating environment hook '/home/ellie/ros2_ws/src/roboBehaviors-FSM/build/ros_behavior_fsm/share/ros_behavior_fsm/hook/pythonpath_develop.ps1'
[1.543s] INFO:colcon.colcon_core.shell:Creating environment descriptor '/home/ellie/ros2_ws/src/roboBehaviors-FSM/build/ros_behavior_fsm/share/ros_behavior_fsm/hook/pythonpath_develop.dsv'
[1.543s] DEBUG:colcon.colcon_core.event_handler.log_command:Invoked command in '/home/ellie/ros2_ws/src/roboBehaviors-FSM/build/ros_behavior_fsm' returned '0': DEBUGINFOD_URLS=https://debuginfod.ubuntu.com PYTHONPATH=/home/ellie/ros2_ws/src/roboBehaviors-FSM/build/ros_behavior_fsm/prefix_override:/usr/lib/python3/dist-packages/colcon_core/task/python/colcon_distutils_commands:/home/ellie/ros2_ws/src/roboBehaviors-FSM/install/ros_behavior_fsm/lib/python3.12/site-packages:${PYTHONPATH} /usr/bin/python3 -W ignore:setup.py install is deprecated -W ignore:easy_install command is deprecated setup.py develop --editable --build-directory /home/ellie/ros2_ws/src/roboBehaviors-FSM/build/ros_behavior_fsm/build --no-deps symlink_data
[1.543s] INFO:colcon.colcon_core.shell:Creating environment hook '/home/ellie/ros2_ws/src/roboBehaviors-FSM/build/ros_behavior_fsm/share/ros_behavior_fsm/hook/pythonpath_develop.sh'
[1.546s] Level 1:colcon.colcon_core.environment:checking '/home/ellie/ros2_ws/src/roboBehaviors-FSM/install/ros_behavior_fsm' for CMake module files
[1.547s] Level 1:colcon.colcon_core.environment:checking '/home/ellie/ros2_ws/src/roboBehaviors-FSM/install/ros_behavior_fsm' for CMake config files
[1.547s] Level 1:colcon.colcon_core.environment:checking '/home/ellie/ros2_ws/src/roboBehaviors-FSM/install/ros_behavior_fsm/lib'
[1.547s] Level 1:colcon.colcon_core.environment:checking '/home/ellie/ros2_ws/src/roboBehaviors-FSM/install/ros_behavior_fsm/bin'
[1.547s] Level 1:colcon.colcon_core.environment:checking '/home/ellie/ros2_ws/src/roboBehaviors-FSM/install/ros_behavior_fsm/lib/pkgconfig/ros_behavior_fsm.pc'
[1.547s] Level 1:colcon.colcon_core.environment:checking '/home/ellie/ros2_ws/src/roboBehaviors-FSM/install/ros_behavior_fsm/lib/python3.12/site-packages'
[1.547s] Level 1:colcon.colcon_core.shell:create_environment_hook('ros_behavior_fsm', 'pythonpath')
[1.547s] INFO:colcon.colcon_core.shell:Creating environment hook '/home/ellie/ros2_ws/src/roboBehaviors-FSM/install/ros_behavior_fsm/share/ros_behavior_fsm/hook/pythonpath.ps1'
[1.548s] INFO:colcon.colcon_core.shell:Creating environment descriptor '/home/ellie/ros2_ws/src/roboBehaviors-FSM/install/ros_behavior_fsm/share/ros_behavior_fsm/hook/pythonpath.dsv'
[1.548s] INFO:colcon.colcon_core.shell:Creating environment hook '/home/ellie/ros2_ws/src/roboBehaviors-FSM/install/ros_behavior_fsm/share/ros_behavior_fsm/hook/pythonpath.sh'
[1.548s] Level 1:colcon.colcon_core.environment:checking '/home/ellie/ros2_ws/src/roboBehaviors-FSM/install/ros_behavior_fsm/bin'
[1.548s] Level 1:colcon.colcon_core.environment:create_environment_scripts_only(ros_behavior_fsm)
[1.548s] INFO:colcon.colcon_core.shell:Creating package script '/home/ellie/ros2_ws/src/roboBehaviors-FSM/install/ros_behavior_fsm/share/ros_behavior_fsm/package.ps1'
[1.549s] INFO:colcon.colcon_core.shell:Creating package descriptor '/home/ellie/ros2_ws/src/roboBehaviors-FSM/install/ros_behavior_fsm/share/ros_behavior_fsm/package.dsv'
[1.549s] INFO:colcon.colcon_core.shell:Creating package script '/home/ellie/ros2_ws/src/roboBehaviors-FSM/install/ros_behavior_fsm/share/ros_behavior_fsm/package.sh'
[1.550s] INFO:colcon.colcon_core.shell:Creating package script '/home/ellie/ros2_ws/src/roboBehaviors-FSM/install/ros_behavior_fsm/share/ros_behavior_fsm/package.bash'
[1.550s] INFO:colcon.colcon_core.shell:Creating package script '/home/ellie/ros2_ws/src/roboBehaviors-FSM/install/ros_behavior_fsm/share/ros_behavior_fsm/package.zsh'
[1.551s] Level 1:colcon.colcon_core.environment:create_file_with_runtime_dependencies(/home/ellie/ros2_ws/src/roboBehaviors-FSM/install/ros_behavior_fsm/share/colcon-core/packages/ros_behavior_fsm)
[1.551s] DEBUG:colcon.colcon_parallel_executor.executor.parallel:closing loop
[1.551s] DEBUG:colcon.colcon_parallel_executor.executor.parallel:loop closed
[1.551s] DEBUG:colcon.colcon_parallel_executor.executor.parallel:run_until_complete finished with '0'
[1.551s] DEBUG:colcon.colcon_core.event_reactor:joining thread
[1.556s] INFO:colcon.colcon_core.plugin_system:Skipping extension 'colcon_notification.desktop_notification.terminal_notifier': Not used on non-Darwin systems
[1.556s] INFO:colcon.colcon_core.plugin_system:Skipping extension 'colcon_notification.desktop_notification.win32': Not used on non-Windows systems
[1.556s] INFO:colcon.colcon_notification.desktop_notification:Sending desktop notification using 'notify2'
[1.573s] DEBUG:colcon.colcon_core.event_reactor:joined thread
[1.573s] INFO:colcon.colcon_core.shell:Creating prefix script '/home/ellie/ros2_ws/src/roboBehaviors-FSM/install/local_setup.ps1'
[1.574s] INFO:colcon.colcon_core.shell:Creating prefix util module '/home/ellie/ros2_ws/src/roboBehaviors-FSM/install/_local_setup_util_ps1.py'
[1.576s] INFO:colcon.colcon_core.shell:Creating prefix chain script '/home/ellie/ros2_ws/src/roboBehaviors-FSM/install/setup.ps1'
[1.577s] INFO:colcon.colcon_core.shell:Creating prefix script '/home/ellie/ros2_ws/src/roboBehaviors-FSM/install/local_setup.sh'
[1.577s] INFO:colcon.colcon_core.shell:Creating prefix util module '/home/ellie/ros2_ws/src/roboBehaviors-FSM/install/_local_setup_util_sh.py'
[1.578s] INFO:colcon.colcon_core.shell:Creating prefix chain script '/home/ellie/ros2_ws/src/roboBehaviors-FSM/install/setup.sh'
[1.579s] INFO:colcon.colcon_core.shell:Creating prefix script '/home/ellie/ros2_ws/src/roboBehaviors-FSM/install/local_setup.bash'
[1.579s] INFO:colcon.colcon_core.shell:Creating prefix chain script '/home/ellie/ros2_ws/src/roboBehaviors-FSM/install/setup.bash'
[1.580s] INFO:colcon.colcon_core.shell:Creating prefix script '/home/ellie/ros2_ws/src/roboBehaviors-FSM/install/local_setup.zsh'
[1.580s] INFO:colcon.colcon_core.shell:Creating prefix chain script '/home/ellie/ros2_ws/src/roboBehaviors-FSM/install/setup.zsh'
