[1.654s] Invoking command in '/home/ellie/ros2_ws/src/roboBehaviors-FSM/build/ros_behavior_fsm': DEBUGINFOD_URLS=https://debuginfod.ubuntu.com PYTHONPATH=/home/ellie/ros2_ws/src/roboBehaviors-FSM/build/ros_behavior_fsm/prefix_override:/usr/lib/python3/dist-packages/colcon_core/task/python/colcon_distutils_commands:/home/ellie/ros2_ws/src/roboBehaviors-FSM/install/ros_behavior_fsm/lib/python3.12/site-packages:${PYTHONPATH} /usr/bin/python3 -W ignore:setup.py install is deprecated -W ignore:easy_install command is deprecated setup.py develop --editable --build-directory /home/ellie/ros2_ws/src/roboBehaviors-FSM/build/ros_behavior_fsm/build --no-deps symlink_data --force
[2.113s] running develop
[2.382s] running egg_info
[2.404s] writing ros_behavior_fsm.egg-info/PKG-INFO
[2.405s] writing dependency_links to ros_behavior_fsm.egg-info/dependency_links.txt
[2.405s] writing entry points to ros_behavior_fsm.egg-info/entry_points.txt
[2.405s] writing requirements to ros_behavior_fsm.egg-info/requires.txt
[2.405s] writing top-level names to ros_behavior_fsm.egg-info/top_level.txt
[2.458s] reading manifest file 'ros_behavior_fsm.egg-info/SOURCES.txt'
[2.459s] writing manifest file 'ros_behavior_fsm.egg-info/SOURCES.txt'
[2.488s] running build_ext
[2.489s] Creating /home/ellie/ros2_ws/src/roboBehaviors-FSM/install/ros_behavior_fsm/lib/python3.12/site-packages/ros-behavior-fsm.egg-link (link to .)
[2.489s] Installing collision_avoidance script to /home/ellie/ros2_ws/src/roboBehaviors-FSM/install/ros_behavior_fsm/lib/ros_behavior_fsm
[2.490s] Installing go_straight script to /home/ellie/ros2_ws/src/roboBehaviors-FSM/install/ros_behavior_fsm/lib/ros_behavior_fsm
[2.490s] Installing wall_follower script to /home/ellie/ros2_ws/src/roboBehaviors-FSM/install/ros_behavior_fsm/lib/ros_behavior_fsm
[2.490s] 
[2.490s] Installed /home/ellie/ros2_ws/src/roboBehaviors-FSM/build/ros_behavior_fsm
[2.491s] running symlink_data
[2.491s] symbolically linking /home/ellie/ros2_ws/src/roboBehaviors-FSM/build/ros_behavior_fsm/resource/ros_behavior_fsm -> /home/ellie/ros2_ws/src/roboBehaviors-FSM/install/ros_behavior_fsm/share/ament_index/resource_index/packages
[2.491s] symbolically linking /home/ellie/ros2_ws/src/roboBehaviors-FSM/build/ros_behavior_fsm/package.xml -> /home/ellie/ros2_ws/src/roboBehaviors-FSM/install/ros_behavior_fsm/share/ros_behavior_fsm
[2.538s] Invoked command in '/home/ellie/ros2_ws/src/roboBehaviors-FSM/build/ros_behavior_fsm' returned '0': DEBUGINFOD_URLS=https://debuginfod.ubuntu.com PYTHONPATH=/home/ellie/ros2_ws/src/roboBehaviors-FSM/build/ros_behavior_fsm/prefix_override:/usr/lib/python3/dist-packages/colcon_core/task/python/colcon_distutils_commands:/home/ellie/ros2_ws/src/roboBehaviors-FSM/install/ros_behavior_fsm/lib/python3.12/site-packages:${PYTHONPATH} /usr/bin/python3 -W ignore:setup.py install is deprecated -W ignore:easy_install command is deprecated setup.py develop --editable --build-directory /home/ellie/ros2_ws/src/roboBehaviors-FSM/build/ros_behavior_fsm/build --no-deps symlink_data --force
