running egg_info
creating ../build/ros_behavior_fsm/ros_behavior_fsm.egg-info
writing ../build/ros_behavior_fsm/ros_behavior_fsm.egg-info/PKG-INFO
writing dependency_links to ../build/ros_behavior_fsm/ros_behavior_fsm.egg-info/dependency_links.txt
writing entry points to ../build/ros_behavior_fsm/ros_behavior_fsm.egg-info/entry_points.txt
writing requirements to ../build/ros_behavior_fsm/ros_behavior_fsm.egg-info/requires.txt
writing top-level names to ../build/ros_behavior_fsm/ros_behavior_fsm.egg-info/top_level.txt
writing manifest file '../build/ros_behavior_fsm/ros_behavior_fsm.egg-info/SOURCES.txt'
reading manifest file '../build/ros_behavior_fsm/ros_behavior_fsm.egg-info/SOURCES.txt'
writing manifest file '../build/ros_behavior_fsm/ros_behavior_fsm.egg-info/SOURCES.txt'
running build
running build_py
creating /home/ellie/ros2_ws/src/roboBehaviors-FSM/build/ros_behavior_fsm/build
creating /home/ellie/ros2_ws/src/roboBehaviors-FSM/build/ros_behavior_fsm/build/lib
creating /home/ellie/ros2_ws/src/roboBehaviors-FSM/build/ros_behavior_fsm/build/lib/ros_behavior_fsm
copying ros_behavior_fsm/wall_follower.py -> /home/ellie/ros2_ws/src/roboBehaviors-FSM/build/ros_behavior_fsm/build/lib/ros_behavior_fsm
copying ros_behavior_fsm/__init__.py -> /home/ellie/ros2_ws/src/roboBehaviors-FSM/build/ros_behavior_fsm/build/lib/ros_behavior_fsm
copying ros_behavior_fsm/collision_avoidance.py -> /home/ellie/ros2_ws/src/roboBehaviors-FSM/build/ros_behavior_fsm/build/lib/ros_behavior_fsm
copying ros_behavior_fsm/go_straight.py -> /home/ellie/ros2_ws/src/roboBehaviors-FSM/build/ros_behavior_fsm/build/lib/ros_behavior_fsm
running install
running install_lib
creating /home/ellie/ros2_ws/src/roboBehaviors-FSM/install/ros_behavior_fsm/lib/python3.12/site-packages/ros_behavior_fsm
copying /home/ellie/ros2_ws/src/roboBehaviors-FSM/build/ros_behavior_fsm/build/lib/ros_behavior_fsm/wall_follower.py -> /home/ellie/ros2_ws/src/roboBehaviors-FSM/install/ros_behavior_fsm/lib/python3.12/site-packages/ros_behavior_fsm
copying /home/ellie/ros2_ws/src/roboBehaviors-FSM/build/ros_behavior_fsm/build/lib/ros_behavior_fsm/__init__.py -> /home/ellie/ros2_ws/src/roboBehaviors-FSM/install/ros_behavior_fsm/lib/python3.12/site-packages/ros_behavior_fsm
copying /home/ellie/ros2_ws/src/roboBehaviors-FSM/build/ros_behavior_fsm/build/lib/ros_behavior_fsm/collision_avoidance.py -> /home/ellie/ros2_ws/src/roboBehaviors-FSM/install/ros_behavior_fsm/lib/python3.12/site-packages/ros_behavior_fsm
copying /home/ellie/ros2_ws/src/roboBehaviors-FSM/build/ros_behavior_fsm/build/lib/ros_behavior_fsm/go_straight.py -> /home/ellie/ros2_ws/src/roboBehaviors-FSM/install/ros_behavior_fsm/lib/python3.12/site-packages/ros_behavior_fsm
byte-compiling /home/ellie/ros2_ws/src/roboBehaviors-FSM/install/ros_behavior_fsm/lib/python3.12/site-packages/ros_behavior_fsm/wall_follower.py to wall_follower.cpython-312.pyc
byte-compiling /home/ellie/ros2_ws/src/roboBehaviors-FSM/install/ros_behavior_fsm/lib/python3.12/site-packages/ros_behavior_fsm/__init__.py to __init__.cpython-312.pyc
byte-compiling /home/ellie/ros2_ws/src/roboBehaviors-FSM/install/ros_behavior_fsm/lib/python3.12/site-packages/ros_behavior_fsm/collision_avoidance.py to collision_avoidance.cpython-312.pyc
byte-compiling /home/ellie/ros2_ws/src/roboBehaviors-FSM/install/ros_behavior_fsm/lib/python3.12/site-packages/ros_behavior_fsm/go_straight.py to go_straight.cpython-312.pyc
running install_data
creating /home/ellie/ros2_ws/src/roboBehaviors-FSM/install/ros_behavior_fsm/share/ament_index
creating /home/ellie/ros2_ws/src/roboBehaviors-FSM/install/ros_behavior_fsm/share/ament_index/resource_index
creating /home/ellie/ros2_ws/src/roboBehaviors-FSM/install/ros_behavior_fsm/share/ament_index/resource_index/packages
copying resource/ros_behavior_fsm -> /home/ellie/ros2_ws/src/roboBehaviors-FSM/install/ros_behavior_fsm/share/ament_index/resource_index/packages
copying package.xml -> /home/ellie/ros2_ws/src/roboBehaviors-FSM/install/ros_behavior_fsm/share/ros_behavior_fsm
running install_egg_info
Copying ../build/ros_behavior_fsm/ros_behavior_fsm.egg-info to /home/ellie/ros2_ws/src/roboBehaviors-FSM/install/ros_behavior_fsm/lib/python3.12/site-packages/ros_behavior_fsm-0.0.0-py3.12.egg-info
running install_scripts
Installing collision_avoidance script to /home/ellie/ros2_ws/src/roboBehaviors-FSM/install/ros_behavior_fsm/lib/ros_behavior_fsm
Installing go_straight script to /home/ellie/ros2_ws/src/roboBehaviors-FSM/install/ros_behavior_fsm/lib/ros_behavior_fsm
Installing wall_follower script to /home/ellie/ros2_ws/src/roboBehaviors-FSM/install/ros_behavior_fsm/lib/ros_behavior_fsm
writing list of installed files to '/home/ellie/ros2_ws/src/roboBehaviors-FSM/build/ros_behavior_fsm/install.log'
