[0.800s] Invoking command in '/home/ellie/ros2_ws/src/roboBehaviors-FSM/ros_behavior_fsm': DEBUGINFOD_URLS=https://debuginfod.ubuntu.com PYTHONPATH=/home/ellie/ros2_ws/src/roboBehaviors-FSM/build/ros_behavior_fsm/prefix_override:/usr/lib/python3/dist-packages/colcon_core/task/python/colcon_distutils_commands:/home/ellie/ros2_ws/src/roboBehaviors-FSM/install/ros_behavior_fsm/lib/python3.12/site-packages:${PYTHONPATH} /usr/bin/python3 -W ignore:setup.py install is deprecated -W ignore:easy_install command is deprecated setup.py egg_info --egg-base ../build/ros_behavior_fsm build --build-base /home/ellie/ros2_ws/src/roboBehaviors-FSM/build/ros_behavior_fsm/build install --record /home/ellie/ros2_ws/src/roboBehaviors-FSM/build/ros_behavior_fsm/install.log --install-scripts $base/lib/ros_behavior_fsm --single-version-externally-managed install_data
[1.092s] running egg_info
[1.093s] creating ../build/ros_behavior_fsm/ros_behavior_fsm.egg-info
[1.110s] writing ../build/ros_behavior_fsm/ros_behavior_fsm.egg-info/PKG-INFO
[1.111s] writing dependency_links to ../build/ros_behavior_fsm/ros_behavior_fsm.egg-info/dependency_links.txt
[1.111s] writing entry points to ../build/ros_behavior_fsm/ros_behavior_fsm.egg-info/entry_points.txt
[1.111s] writing requirements to ../build/ros_behavior_fsm/ros_behavior_fsm.egg-info/requires.txt
[1.111s] writing top-level names to ../build/ros_behavior_fsm/ros_behavior_fsm.egg-info/top_level.txt
[1.111s] writing manifest file '../build/ros_behavior_fsm/ros_behavior_fsm.egg-info/SOURCES.txt'
[1.155s] reading manifest file '../build/ros_behavior_fsm/ros_behavior_fsm.egg-info/SOURCES.txt'
[1.155s] writing manifest file '../build/ros_behavior_fsm/ros_behavior_fsm.egg-info/SOURCES.txt'
[1.155s] running build
[1.156s] running build_py
[1.156s] creating /home/ellie/ros2_ws/src/roboBehaviors-FSM/build/ros_behavior_fsm/build
[1.156s] creating /home/ellie/ros2_ws/src/roboBehaviors-FSM/build/ros_behavior_fsm/build/lib
[1.156s] creating /home/ellie/ros2_ws/src/roboBehaviors-FSM/build/ros_behavior_fsm/build/lib/ros_behavior_fsm
[1.156s] copying ros_behavior_fsm/wall_follower.py -> /home/ellie/ros2_ws/src/roboBehaviors-FSM/build/ros_behavior_fsm/build/lib/ros_behavior_fsm
[1.156s] copying ros_behavior_fsm/__init__.py -> /home/ellie/ros2_ws/src/roboBehaviors-FSM/build/ros_behavior_fsm/build/lib/ros_behavior_fsm
[1.156s] copying ros_behavior_fsm/collision_avoidance.py -> /home/ellie/ros2_ws/src/roboBehaviors-FSM/build/ros_behavior_fsm/build/lib/ros_behavior_fsm
[1.156s] copying ros_behavior_fsm/go_straight.py -> /home/ellie/ros2_ws/src/roboBehaviors-FSM/build/ros_behavior_fsm/build/lib/ros_behavior_fsm
[1.157s] running install
[1.162s] running install_lib
[1.177s] creating /home/ellie/ros2_ws/src/roboBehaviors-FSM/install/ros_behavior_fsm/lib/python3.12/site-packages/ros_behavior_fsm
[1.177s] copying /home/ellie/ros2_ws/src/roboBehaviors-FSM/build/ros_behavior_fsm/build/lib/ros_behavior_fsm/wall_follower.py -> /home/ellie/ros2_ws/src/roboBehaviors-FSM/install/ros_behavior_fsm/lib/python3.12/site-packages/ros_behavior_fsm
[1.177s] copying /home/ellie/ros2_ws/src/roboBehaviors-FSM/build/ros_behavior_fsm/build/lib/ros_behavior_fsm/__init__.py -> /home/ellie/ros2_ws/src/roboBehaviors-FSM/install/ros_behavior_fsm/lib/python3.12/site-packages/ros_behavior_fsm
[1.178s] copying /home/ellie/ros2_ws/src/roboBehaviors-FSM/build/ros_behavior_fsm/build/lib/ros_behavior_fsm/collision_avoidance.py -> /home/ellie/ros2_ws/src/roboBehaviors-FSM/install/ros_behavior_fsm/lib/python3.12/site-packages/ros_behavior_fsm
[1.178s] copying /home/ellie/ros2_ws/src/roboBehaviors-FSM/build/ros_behavior_fsm/build/lib/ros_behavior_fsm/go_straight.py -> /home/ellie/ros2_ws/src/roboBehaviors-FSM/install/ros_behavior_fsm/lib/python3.12/site-packages/ros_behavior_fsm
[1.179s] byte-compiling /home/ellie/ros2_ws/src/roboBehaviors-FSM/install/ros_behavior_fsm/lib/python3.12/site-packages/ros_behavior_fsm/wall_follower.py to wall_follower.cpython-312.pyc
[1.180s] byte-compiling /home/ellie/ros2_ws/src/roboBehaviors-FSM/install/ros_behavior_fsm/lib/python3.12/site-packages/ros_behavior_fsm/__init__.py to __init__.cpython-312.pyc
[1.180s] byte-compiling /home/ellie/ros2_ws/src/roboBehaviors-FSM/install/ros_behavior_fsm/lib/python3.12/site-packages/ros_behavior_fsm/collision_avoidance.py to collision_avoidance.cpython-312.pyc
[1.181s] byte-compiling /home/ellie/ros2_ws/src/roboBehaviors-FSM/install/ros_behavior_fsm/lib/python3.12/site-packages/ros_behavior_fsm/go_straight.py to go_straight.cpython-312.pyc
[1.182s] running install_data
[1.182s] creating /home/ellie/ros2_ws/src/roboBehaviors-FSM/install/ros_behavior_fsm/share/ament_index
[1.182s] creating /home/ellie/ros2_ws/src/roboBehaviors-FSM/install/ros_behavior_fsm/share/ament_index/resource_index
[1.182s] creating /home/ellie/ros2_ws/src/roboBehaviors-FSM/install/ros_behavior_fsm/share/ament_index/resource_index/packages
[1.182s] copying resource/ros_behavior_fsm -> /home/ellie/ros2_ws/src/roboBehaviors-FSM/install/ros_behavior_fsm/share/ament_index/resource_index/packages
[1.182s] copying package.xml -> /home/ellie/ros2_ws/src/roboBehaviors-FSM/install/ros_behavior_fsm/share/ros_behavior_fsm
[1.182s] running install_egg_info
[1.203s] Copying ../build/ros_behavior_fsm/ros_behavior_fsm.egg-info to /home/ellie/ros2_ws/src/roboBehaviors-FSM/install/ros_behavior_fsm/lib/python3.12/site-packages/ros_behavior_fsm-0.0.0-py3.12.egg-info
[1.204s] running install_scripts
[1.315s] Installing collision_avoidance script to /home/ellie/ros2_ws/src/roboBehaviors-FSM/install/ros_behavior_fsm/lib/ros_behavior_fsm
[1.315s] Installing go_straight script to /home/ellie/ros2_ws/src/roboBehaviors-FSM/install/ros_behavior_fsm/lib/ros_behavior_fsm
[1.315s] Installing wall_follower script to /home/ellie/ros2_ws/src/roboBehaviors-FSM/install/ros_behavior_fsm/lib/ros_behavior_fsm
[1.316s] writing list of installed files to '/home/ellie/ros2_ws/src/roboBehaviors-FSM/build/ros_behavior_fsm/install.log'
[1.337s] Invoked command in '/home/ellie/ros2_ws/src/roboBehaviors-FSM/ros_behavior_fsm' returned '0': DEBUGINFOD_URLS=https://debuginfod.ubuntu.com PYTHONPATH=/home/ellie/ros2_ws/src/roboBehaviors-FSM/build/ros_behavior_fsm/prefix_override:/usr/lib/python3/dist-packages/colcon_core/task/python/colcon_distutils_commands:/home/ellie/ros2_ws/src/roboBehaviors-FSM/install/ros_behavior_fsm/lib/python3.12/site-packages:${PYTHONPATH} /usr/bin/python3 -W ignore:setup.py install is deprecated -W ignore:easy_install command is deprecated setup.py egg_info --egg-base ../build/ros_behavior_fsm build --build-base /home/ellie/ros2_ws/src/roboBehaviors-FSM/build/ros_behavior_fsm/build install --record /home/ellie/ros2_ws/src/roboBehaviors-FSM/build/ros_behavior_fsm/install.log --install-scripts $base/lib/ros_behavior_fsm --single-version-externally-managed install_data
