[0.978s] Invoking command in '/home/ellie/ros2_ws/src/roboBehaviors-FSM/build/ros_behavior_fsm': DEBUGINFOD_URLS=https://debuginfod.ubuntu.com PYTHONPATH=/home/ellie/ros2_ws/src/roboBehaviors-FSM/build/ros_behavior_fsm/prefix_override:/usr/lib/python3/dist-packages/colcon_core/task/python/colcon_distutils_commands:/home/ellie/ros2_ws/src/roboBehaviors-FSM/install/ros_behavior_fsm/lib/python3.12/site-packages:${PYTHONPATH} /usr/bin/python3 -W ignore:setup.py install is deprecated -W ignore:easy_install command is deprecated setup.py develop --editable --build-directory /home/ellie/ros2_ws/src/roboBehaviors-FSM/build/ros_behavior_fsm/build --no-deps symlink_data
[1.245s] running develop
[1.394s] running egg_info
[1.408s] writing ros_behavior_fsm.egg-info/PKG-INFO
[1.408s] writing dependency_links to ros_behavior_fsm.egg-info/dependency_links.txt
[1.408s] writing entry points to ros_behavior_fsm.egg-info/entry_points.txt
[1.408s] writing requirements to ros_behavior_fsm.egg-info/requires.txt
[1.408s] writing top-level names to ros_behavior_fsm.egg-info/top_level.txt
[1.435s] reading manifest file 'ros_behavior_fsm.egg-info/SOURCES.txt'
[1.437s] writing manifest file 'ros_behavior_fsm.egg-info/SOURCES.txt'
[1.451s] running build_ext
[1.451s] Creating /home/ellie/ros2_ws/src/roboBehaviors-FSM/install/ros_behavior_fsm/lib/python3.12/site-packages/ros-behavior-fsm.egg-link (link to .)
[1.452s] Installing collision_avoidance script to /home/ellie/ros2_ws/src/roboBehaviors-FSM/install/ros_behavior_fsm/lib/ros_behavior_fsm
[1.452s] Installing drive_square1 script to /home/ellie/ros2_ws/src/roboBehaviors-FSM/install/ros_behavior_fsm/lib/ros_behavior_fsm
[1.452s] Installing go_straight script to /home/ellie/ros2_ws/src/roboBehaviors-FSM/install/ros_behavior_fsm/lib/ros_behavior_fsm
[1.452s] Installing wall_follower script to /home/ellie/ros2_ws/src/roboBehaviors-FSM/install/ros_behavior_fsm/lib/ros_behavior_fsm
[1.452s] 
[1.452s] Installed /home/ellie/ros2_ws/src/roboBehaviors-FSM/build/ros_behavior_fsm
[1.452s] running symlink_data
[1.477s] Invoked command in '/home/ellie/ros2_ws/src/roboBehaviors-FSM/build/ros_behavior_fsm' returned '0': DEBUGINFOD_URLS=https://debuginfod.ubuntu.com PYTHONPATH=/home/ellie/ros2_ws/src/roboBehaviors-FSM/build/ros_behavior_fsm/prefix_override:/usr/lib/python3/dist-packages/colcon_core/task/python/colcon_distutils_commands:/home/ellie/ros2_ws/src/roboBehaviors-FSM/install/ros_behavior_fsm/lib/python3.12/site-packages:${PYTHONPATH} /usr/bin/python3 -W ignore:setup.py install is deprecated -W ignore:easy_install command is deprecated setup.py develop --editable --build-directory /home/ellie/ros2_ws/src/roboBehaviors-FSM/build/ros_behavior_fsm/build --no-deps symlink_data
