[0.105s] DEBUG:colcon:Command line arguments: ['/usr/bin/colcon', 'build', '--symlink-install']
[0.105s] DEBUG:colcon:Parsed command line arguments: Namespace(log_base=None, log_level=None, verb_name='build', build_base='build', install_base='install', merge_install=False, symlink_install=True, test_result_base=None, continue_on_error=False, executor='parallel', parallel_workers=22, event_handlers=None, ignore_user_meta=False, metas=['./colcon.meta'], base_paths=['.'], packages_ignore=None, packages_ignore_regex=None, paths=None, packages_up_to=None, packages_up_to_regex=None, packages_above=None, packages_above_and_dependencies=None, packages_above_depth=None, packages_select_by_dep=None, packages_skip_by_dep=None, packages_skip_up_to=None, packages_select_build_failed=False, packages_skip_build_finished=False, packages_select_test_failures=False, packages_skip_test_passed=False, packages_select=None, packages_skip=None, packages_select_regex=None, packages_skip_regex=None, packages_start=None, packages_end=None, allow_overriding=[], cmake_args=None, cmake_target=None, cmake_target_skip_unavailable=False, cmake_clean_cache=False, cmake_clean_first=False, cmake_force_configure=False, ament_cmake_args=None, catkin_cmake_args=None, catkin_skip_building_tests=False, mixin_files=None, mixin=None, verb_parser=<colcon_mixin.mixin.mixin_argument.MixinArgumentDecorator object at 0x7ea9851bff20>, verb_extension=<colcon_core.verb.build.BuildVerb object at 0x7ea9851bf8f0>, main=<bound method BuildVerb.main of <colcon_core.verb.build.BuildVerb object at 0x7ea9851bf8f0>>, mixin_verb=('build',))
[0.145s] Level 1:colcon.colcon_core.package_discovery:discover_packages(colcon_meta) check parameters
[0.145s] Level 1:colcon.colcon_core.package_discovery:discover_packages(recursive) check parameters
[0.145s] Level 1:colcon.colcon_core.package_discovery:discover_packages(ignore) check parameters
[0.145s] Level 1:colcon.colcon_core.package_discovery:discover_packages(path) check parameters
[0.145s] Level 1:colcon.colcon_core.package_discovery:discover_packages(colcon_meta) discover
[0.145s] Level 1:colcon.colcon_core.package_discovery:discover_packages(recursive) discover
[0.145s] INFO:colcon.colcon_core.package_discovery:Crawling recursively for packages in '/home/ellie/ros2_ws/src/roboBehaviors-FSM'
[0.145s] Level 1:colcon.colcon_core.package_identification:_identify(.) by extensions ['ignore', 'ignore_ament_install']
[0.145s] Level 1:colcon.colcon_core.package_identification:_identify(.) by extension 'ignore'
[0.145s] Level 1:colcon.colcon_core.package_identification:_identify(.) by extension 'ignore_ament_install'
[0.145s] Level 1:colcon.colcon_core.package_identification:_identify(.) by extensions ['colcon_pkg']
[0.145s] Level 1:colcon.colcon_core.package_identification:_identify(.) by extension 'colcon_pkg'
[0.145s] Level 1:colcon.colcon_core.package_identification:_identify(.) by extensions ['colcon_meta']
[0.145s] Level 1:colcon.colcon_core.package_identification:_identify(.) by extension 'colcon_meta'
[0.145s] Level 1:colcon.colcon_core.package_identification:_identify(.) by extensions ['ros']
[0.146s] Level 1:colcon.colcon_core.package_identification:_identify(.) by extension 'ros'
[0.163s] Level 1:colcon.colcon_core.package_identification:_identify(.) by extensions ['cmake', 'python']
[0.163s] Level 1:colcon.colcon_core.package_identification:_identify(.) by extension 'cmake'
[0.163s] Level 1:colcon.colcon_core.package_identification:_identify(.) by extension 'python'
[0.163s] Level 1:colcon.colcon_core.package_identification:_identify(.) by extensions ['python_setup_py']
[0.163s] Level 1:colcon.colcon_core.package_identification:_identify(.) by extension 'python_setup_py'
[0.163s] Level 1:colcon.colcon_core.package_identification:_identify(build) by extensions ['ignore', 'ignore_ament_install']
[0.163s] Level 1:colcon.colcon_core.package_identification:_identify(build) by extension 'ignore'
[0.163s] Level 1:colcon.colcon_core.package_identification:_identify(build) ignored
[0.163s] Level 1:colcon.colcon_core.package_identification:_identify(install) by extensions ['ignore', 'ignore_ament_install']
[0.163s] Level 1:colcon.colcon_core.package_identification:_identify(install) by extension 'ignore'
[0.163s] Level 1:colcon.colcon_core.package_identification:_identify(install) ignored
[0.163s] Level 1:colcon.colcon_core.package_identification:_identify(log) by extensions ['ignore', 'ignore_ament_install']
[0.164s] Level 1:colcon.colcon_core.package_identification:_identify(log) by extension 'ignore'
[0.164s] Level 1:colcon.colcon_core.package_identification:_identify(log) ignored
[0.164s] Level 1:colcon.colcon_core.package_identification:_identify(ros_behavior_fsm) by extensions ['ignore', 'ignore_ament_install']
[0.164s] Level 1:colcon.colcon_core.package_identification:_identify(ros_behavior_fsm) by extension 'ignore'
[0.164s] Level 1:colcon.colcon_core.package_identification:_identify(ros_behavior_fsm) by extension 'ignore_ament_install'
[0.164s] Level 1:colcon.colcon_core.package_identification:_identify(ros_behavior_fsm) by extensions ['colcon_pkg']
[0.164s] Level 1:colcon.colcon_core.package_identification:_identify(ros_behavior_fsm) by extension 'colcon_pkg'
[0.164s] Level 1:colcon.colcon_core.package_identification:_identify(ros_behavior_fsm) by extensions ['colcon_meta']
[0.164s] Level 1:colcon.colcon_core.package_identification:_identify(ros_behavior_fsm) by extension 'colcon_meta'
[0.164s] Level 1:colcon.colcon_core.package_identification:_identify(ros_behavior_fsm) by extensions ['ros']
[0.164s] Level 1:colcon.colcon_core.package_identification:_identify(ros_behavior_fsm) by extension 'ros'
[0.166s] DEBUG:colcon.colcon_core.package_identification:Package 'ros_behavior_fsm' with type 'ros.ament_python' and name 'ros_behavior_fsm'
[0.166s] Level 1:colcon.colcon_core.package_discovery:discover_packages(recursive) using defaults
[0.166s] Level 1:colcon.colcon_core.package_discovery:discover_packages(ignore) discover
[0.166s] Level 1:colcon.colcon_core.package_discovery:discover_packages(ignore) using defaults
[0.166s] Level 1:colcon.colcon_core.package_discovery:discover_packages(path) discover
[0.166s] Level 1:colcon.colcon_core.package_discovery:discover_packages(path) using defaults
[0.184s] Level 1:colcon.colcon_core.package_discovery:discover_packages(prefix_path) check parameters
[0.184s] Level 1:colcon.colcon_core.package_discovery:discover_packages(prefix_path) discover
[0.188s] DEBUG:colcon.colcon_installed_package_information.package_discovery:Found 17 installed packages in /home/ellie/ros2_ws/install
[0.189s] DEBUG:colcon.colcon_installed_package_information.package_discovery:Found 1 installed packages in /home/ellie/ros2_ws/src/roboBehaviors-FSM/install
[0.190s] DEBUG:colcon.colcon_installed_package_information.package_discovery:Found 395 installed packages in /opt/ros/jazzy
[0.192s] Level 1:colcon.colcon_core.package_discovery:discover_packages(prefix_path) using defaults
[0.233s] Level 5:colcon.colcon_core.verb:set package 'ros_behavior_fsm' build argument 'cmake_args' from command line to 'None'
[0.233s] Level 5:colcon.colcon_core.verb:set package 'ros_behavior_fsm' build argument 'cmake_target' from command line to 'None'
[0.233s] Level 5:colcon.colcon_core.verb:set package 'ros_behavior_fsm' build argument 'cmake_target_skip_unavailable' from command line to 'False'
[0.233s] Level 5:colcon.colcon_core.verb:set package 'ros_behavior_fsm' build argument 'cmake_clean_cache' from command line to 'False'
[0.233s] Level 5:colcon.colcon_core.verb:set package 'ros_behavior_fsm' build argument 'cmake_clean_first' from command line to 'False'
[0.233s] Level 5:colcon.colcon_core.verb:set package 'ros_behavior_fsm' build argument 'cmake_force_configure' from command line to 'False'
[0.233s] Level 5:colcon.colcon_core.verb:set package 'ros_behavior_fsm' build argument 'ament_cmake_args' from command line to 'None'
[0.233s] Level 5:colcon.colcon_core.verb:set package 'ros_behavior_fsm' build argument 'catkin_cmake_args' from command line to 'None'
[0.233s] Level 5:colcon.colcon_core.verb:set package 'ros_behavior_fsm' build argument 'catkin_skip_building_tests' from command line to 'False'
[0.233s] DEBUG:colcon.colcon_core.verb:Building package 'ros_behavior_fsm' with the following arguments: {'ament_cmake_args': None, 'build_base': '/home/ellie/ros2_ws/src/roboBehaviors-FSM/build/ros_behavior_fsm', 'catkin_cmake_args': None, 'catkin_skip_building_tests': False, 'cmake_args': None, 'cmake_clean_cache': False, 'cmake_clean_first': False, 'cmake_force_configure': False, 'cmake_target': None, 'cmake_target_skip_unavailable': False, 'install_base': '/home/ellie/ros2_ws/src/roboBehaviors-FSM/install/ros_behavior_fsm', 'merge_install': False, 'path': '/home/ellie/ros2_ws/src/roboBehaviors-FSM/ros_behavior_fsm', 'symlink_install': True, 'test_result_base': None}
[0.233s] INFO:colcon.colcon_core.executor:Executing jobs using 'parallel' executor
[0.234s] DEBUG:colcon.colcon_parallel_executor.executor.parallel:run_until_complete
[0.234s] INFO:colcon.colcon_ros.task.ament_python.build:Building ROS package in '/home/ellie/ros2_ws/src/roboBehaviors-FSM/ros_behavior_fsm' with build type 'ament_python'
[0.235s] Level 1:colcon.colcon_core.shell:create_environment_hook('ros_behavior_fsm', 'ament_prefix_path')
[0.237s] INFO:colcon.colcon_core.plugin_system:Skipping extension 'colcon_core.shell.bat': Not used on non-Windows systems
[0.238s] INFO:colcon.colcon_core.shell:Creating environment hook '/home/ellie/ros2_ws/src/roboBehaviors-FSM/install/ros_behavior_fsm/share/ros_behavior_fsm/hook/ament_prefix_path.ps1'
[0.238s] INFO:colcon.colcon_core.shell:Creating environment descriptor '/home/ellie/ros2_ws/src/roboBehaviors-FSM/install/ros_behavior_fsm/share/ros_behavior_fsm/hook/ament_prefix_path.dsv'
[0.238s] INFO:colcon.colcon_core.shell:Creating environment hook '/home/ellie/ros2_ws/src/roboBehaviors-FSM/install/ros_behavior_fsm/share/ros_behavior_fsm/hook/ament_prefix_path.sh'
[0.239s] INFO:colcon.colcon_core.shell:Skip shell extension 'powershell' for command environment: Not usable outside of PowerShell
[0.239s] DEBUG:colcon.colcon_core.shell:Skip shell extension 'dsv' for command environment
[0.403s] INFO:colcon.colcon_core.task.python.build:Building Python package in '/home/ellie/ros2_ws/src/roboBehaviors-FSM/ros_behavior_fsm'
[0.403s] INFO:colcon.colcon_core.shell:Skip shell extension 'powershell' for command environment: Not usable outside of PowerShell
[0.403s] DEBUG:colcon.colcon_core.shell:Skip shell extension 'dsv' for command environment
[0.954s] DEBUG:colcon.colcon_core.task.python.build:Available setuptools commands: install_headers, setopt, editable_wheel, clean, install_lib, egg_info, test, build_scripts, check, update_catalog, bdist_egg, build_clib, upload_docs, extract_messages, develop, bdist_rpm, alias, symlink_data, easy_install, dist_info, sdist, rotate, install, build, upload, saveopts, build_py, init_catalog, bdist, install_egg_info, compile_catalog, build_ext, register, bdist_dumb, install_data, bdist_wheel, install_scripts
[1.210s] DEBUG:colcon.colcon_core.task.python.build:Available setuptools 'develop' options: --script-dir, --optimize, --no-find-links, --quiet, --allow-hosts, --egg-path, --no-user-cfg, --multi-version, --record, --site-dirs, --verbose, --index-url, --always-copy, --always-unzip, --dry-run, --prefix, --install-dir, --exclude-scripts, --help, --no-deps, --editable, --version, --install-layout, --force-installation-into-system-dir, --zip-ok, --uninstall, --find-links, --build-directory, --local-snapshots-ok, --user, --upgrade
[1.212s] DEBUG:colcon.colcon_core.event_handler.log_command:Invoking command in '/home/ellie/ros2_ws/src/roboBehaviors-FSM/build/ros_behavior_fsm': DEBUGINFOD_URLS=https://debuginfod.ubuntu.com PYTHONPATH=/home/ellie/ros2_ws/src/roboBehaviors-FSM/build/ros_behavior_fsm/prefix_override:/usr/lib/python3/dist-packages/colcon_core/task/python/colcon_distutils_commands:/home/ellie/ros2_ws/src/roboBehaviors-FSM/install/ros_behavior_fsm/lib/python3.12/site-packages:${PYTHONPATH} /usr/bin/python3 -W ignore:setup.py install is deprecated -W ignore:easy_install command is deprecated setup.py develop --editable --build-directory /home/ellie/ros2_ws/src/roboBehaviors-FSM/build/ros_behavior_fsm/build --no-deps symlink_data
[1.711s] Level 1:colcon.colcon_core.shell:create_environment_hook('ros_behavior_fsm', 'pythonpath_develop')
[1.711s] INFO:colcon.colcon_core.shell:Creating environment hook '/home/ellie/ros2_ws/src/roboBehaviors-FSM/build/ros_behavior_fsm/share/ros_behavior_fsm/hook/pythonpath_develop.ps1'
[1.711s] DEBUG:colcon.colcon_core.event_handler.log_command:Invoked command in '/home/ellie/ros2_ws/src/roboBehaviors-FSM/build/ros_behavior_fsm' returned '0': DEBUGINFOD_URLS=https://debuginfod.ubuntu.com PYTHONPATH=/home/ellie/ros2_ws/src/roboBehaviors-FSM/build/ros_behavior_fsm/prefix_override:/usr/lib/python3/dist-packages/colcon_core/task/python/colcon_distutils_commands:/home/ellie/ros2_ws/src/roboBehaviors-FSM/install/ros_behavior_fsm/lib/python3.12/site-packages:${PYTHONPATH} /usr/bin/python3 -W ignore:setup.py install is deprecated -W ignore:easy_install command is deprecated setup.py develop --editable --build-directory /home/ellie/ros2_ws/src/roboBehaviors-FSM/build/ros_behavior_fsm/build --no-deps symlink_data
[1.712s] INFO:colcon.colcon_core.shell:Creating environment descriptor '/home/ellie/ros2_ws/src/roboBehaviors-FSM/build/ros_behavior_fsm/share/ros_behavior_fsm/hook/pythonpath_develop.dsv'
[1.712s] INFO:colcon.colcon_core.shell:Creating environment hook '/home/ellie/ros2_ws/src/roboBehaviors-FSM/build/ros_behavior_fsm/share/ros_behavior_fsm/hook/pythonpath_develop.sh'
[1.715s] Level 1:colcon.colcon_core.environment:checking '/home/ellie/ros2_ws/src/roboBehaviors-FSM/install/ros_behavior_fsm' for CMake module files
[1.715s] Level 1:colcon.colcon_core.environment:checking '/home/ellie/ros2_ws/src/roboBehaviors-FSM/install/ros_behavior_fsm' for CMake config files
[1.715s] Level 1:colcon.colcon_core.environment:checking '/home/ellie/ros2_ws/src/roboBehaviors-FSM/install/ros_behavior_fsm/lib'
[1.715s] Level 1:colcon.colcon_core.environment:checking '/home/ellie/ros2_ws/src/roboBehaviors-FSM/install/ros_behavior_fsm/bin'
[1.715s] Level 1:colcon.colcon_core.environment:checking '/home/ellie/ros2_ws/src/roboBehaviors-FSM/install/ros_behavior_fsm/lib/pkgconfig/ros_behavior_fsm.pc'
[1.715s] Level 1:colcon.colcon_core.environment:checking '/home/ellie/ros2_ws/src/roboBehaviors-FSM/install/ros_behavior_fsm/lib/python3.12/site-packages'
[1.716s] Level 1:colcon.colcon_core.shell:create_environment_hook('ros_behavior_fsm', 'pythonpath')
[1.716s] INFO:colcon.colcon_core.shell:Creating environment hook '/home/ellie/ros2_ws/src/roboBehaviors-FSM/install/ros_behavior_fsm/share/ros_behavior_fsm/hook/pythonpath.ps1'
[1.716s] INFO:colcon.colcon_core.shell:Creating environment descriptor '/home/ellie/ros2_ws/src/roboBehaviors-FSM/install/ros_behavior_fsm/share/ros_behavior_fsm/hook/pythonpath.dsv'
[1.716s] INFO:colcon.colcon_core.shell:Creating environment hook '/home/ellie/ros2_ws/src/roboBehaviors-FSM/install/ros_behavior_fsm/share/ros_behavior_fsm/hook/pythonpath.sh'
[1.717s] Level 1:colcon.colcon_core.environment:checking '/home/ellie/ros2_ws/src/roboBehaviors-FSM/install/ros_behavior_fsm/bin'
[1.717s] Level 1:colcon.colcon_core.environment:create_environment_scripts_only(ros_behavior_fsm)
[1.717s] INFO:colcon.colcon_core.shell:Creating package script '/home/ellie/ros2_ws/src/roboBehaviors-FSM/install/ros_behavior_fsm/share/ros_behavior_fsm/package.ps1'
[1.718s] INFO:colcon.colcon_core.shell:Creating package descriptor '/home/ellie/ros2_ws/src/roboBehaviors-FSM/install/ros_behavior_fsm/share/ros_behavior_fsm/package.dsv'
[1.718s] INFO:colcon.colcon_core.shell:Creating package script '/home/ellie/ros2_ws/src/roboBehaviors-FSM/install/ros_behavior_fsm/share/ros_behavior_fsm/package.sh'
[1.719s] INFO:colcon.colcon_core.shell:Creating package script '/home/ellie/ros2_ws/src/roboBehaviors-FSM/install/ros_behavior_fsm/share/ros_behavior_fsm/package.bash'
[1.720s] INFO:colcon.colcon_core.shell:Creating package script '/home/ellie/ros2_ws/src/roboBehaviors-FSM/install/ros_behavior_fsm/share/ros_behavior_fsm/package.zsh'
[1.720s] Level 1:colcon.colcon_core.environment:create_file_with_runtime_dependencies(/home/ellie/ros2_ws/src/roboBehaviors-FSM/install/ros_behavior_fsm/share/colcon-core/packages/ros_behavior_fsm)
[1.720s] DEBUG:colcon.colcon_parallel_executor.executor.parallel:closing loop
[1.721s] DEBUG:colcon.colcon_parallel_executor.executor.parallel:loop closed
[1.721s] DEBUG:colcon.colcon_parallel_executor.executor.parallel:run_until_complete finished with '0'
[1.721s] DEBUG:colcon.colcon_core.event_reactor:joining thread
[1.725s] INFO:colcon.colcon_core.plugin_system:Skipping extension 'colcon_notification.desktop_notification.terminal_notifier': Not used on non-Darwin systems
[1.725s] INFO:colcon.colcon_core.plugin_system:Skipping extension 'colcon_notification.desktop_notification.win32': Not used on non-Windows systems
[1.725s] INFO:colcon.colcon_notification.desktop_notification:Sending desktop notification using 'notify2'
[1.744s] DEBUG:colcon.colcon_core.event_reactor:joined thread
[1.744s] INFO:colcon.colcon_core.shell:Creating prefix script '/home/ellie/ros2_ws/src/roboBehaviors-FSM/install/local_setup.ps1'
[1.746s] INFO:colcon.colcon_core.shell:Creating prefix util module '/home/ellie/ros2_ws/src/roboBehaviors-FSM/install/_local_setup_util_ps1.py'
[1.747s] INFO:colcon.colcon_core.shell:Creating prefix chain script '/home/ellie/ros2_ws/src/roboBehaviors-FSM/install/setup.ps1'
[1.749s] INFO:colcon.colcon_core.shell:Creating prefix script '/home/ellie/ros2_ws/src/roboBehaviors-FSM/install/local_setup.sh'
[1.749s] INFO:colcon.colcon_core.shell:Creating prefix util module '/home/ellie/ros2_ws/src/roboBehaviors-FSM/install/_local_setup_util_sh.py'
[1.750s] INFO:colcon.colcon_core.shell:Creating prefix chain script '/home/ellie/ros2_ws/src/roboBehaviors-FSM/install/setup.sh'
[1.752s] INFO:colcon.colcon_core.shell:Creating prefix script '/home/ellie/ros2_ws/src/roboBehaviors-FSM/install/local_setup.bash'
[1.752s] INFO:colcon.colcon_core.shell:Creating prefix chain script '/home/ellie/ros2_ws/src/roboBehaviors-FSM/install/setup.bash'
[1.754s] INFO:colcon.colcon_core.shell:Creating prefix script '/home/ellie/ros2_ws/src/roboBehaviors-FSM/install/local_setup.zsh'
[1.755s] INFO:colcon.colcon_core.shell:Creating prefix chain script '/home/ellie/ros2_ws/src/roboBehaviors-FSM/install/setup.zsh'
