[0.167s] DEBUG:colcon:Command line arguments: ['/usr/bin/colcon', 'build', '--symlink-install']
[0.167s] DEBUG:colcon:Parsed command line arguments: Namespace(log_base=None, log_level=None, verb_name='build', build_base='build', install_base='install', merge_install=False, symlink_install=True, test_result_base=None, continue_on_error=False, executor='parallel', parallel_workers=22, event_handlers=None, ignore_user_meta=False, metas=['./colcon.meta'], base_paths=['.'], packages_ignore=None, packages_ignore_regex=None, paths=None, packages_up_to=None, packages_up_to_regex=None, packages_above=None, packages_above_and_dependencies=None, packages_above_depth=None, packages_select_by_dep=None, packages_skip_by_dep=None, packages_skip_up_to=None, packages_select_build_failed=False, packages_skip_build_finished=False, packages_select_test_failures=False, packages_skip_test_passed=False, packages_select=None, packages_skip=None, packages_select_regex=None, packages_skip_regex=None, packages_start=None, packages_end=None, allow_overriding=[], cmake_args=None, cmake_target=None, cmake_target_skip_unavailable=False, cmake_clean_cache=False, cmake_clean_first=False, cmake_force_configure=False, ament_cmake_args=None, catkin_cmake_args=None, catkin_skip_building_tests=False, mixin_files=None, mixin=None, verb_parser=<colcon_mixin.mixin.mixin_argument.MixinArgumentDecorator object at 0x7f8f632afd10>, verb_extension=<colcon_core.verb.build.BuildVerb object at 0x7f8f632af6b0>, main=<bound method BuildVerb.main of <colcon_core.verb.build.BuildVerb object at 0x7f8f632af6b0>>, mixin_verb=('build',))
[0.236s] Level 1:colcon.colcon_core.package_discovery:discover_packages(colcon_meta) check parameters
[0.236s] Level 1:colcon.colcon_core.package_discovery:discover_packages(recursive) check parameters
[0.236s] Level 1:colcon.colcon_core.package_discovery:discover_packages(ignore) check parameters
[0.236s] Level 1:colcon.colcon_core.package_discovery:discover_packages(path) check parameters
[0.236s] Level 1:colcon.colcon_core.package_discovery:discover_packages(colcon_meta) discover
[0.236s] Level 1:colcon.colcon_core.package_discovery:discover_packages(recursive) discover
[0.236s] INFO:colcon.colcon_core.package_discovery:Crawling recursively for packages in '/home/ellie/ros2_ws/src/roboBehaviors-FSM'
[0.237s] Level 1:colcon.colcon_core.package_identification:_identify(.) by extensions ['ignore', 'ignore_ament_install']
[0.237s] Level 1:colcon.colcon_core.package_identification:_identify(.) by extension 'ignore'
[0.237s] Level 1:colcon.colcon_core.package_identification:_identify(.) by extension 'ignore_ament_install'
[0.237s] Level 1:colcon.colcon_core.package_identification:_identify(.) by extensions ['colcon_pkg']
[0.237s] Level 1:colcon.colcon_core.package_identification:_identify(.) by extension 'colcon_pkg'
[0.237s] Level 1:colcon.colcon_core.package_identification:_identify(.) by extensions ['colcon_meta']
[0.237s] Level 1:colcon.colcon_core.package_identification:_identify(.) by extension 'colcon_meta'
[0.237s] Level 1:colcon.colcon_core.package_identification:_identify(.) by extensions ['ros']
[0.237s] Level 1:colcon.colcon_core.package_identification:_identify(.) by extension 'ros'
[0.274s] Level 1:colcon.colcon_core.package_identification:_identify(.) by extensions ['cmake', 'python']
[0.274s] Level 1:colcon.colcon_core.package_identification:_identify(.) by extension 'cmake'
[0.274s] Level 1:colcon.colcon_core.package_identification:_identify(.) by extension 'python'
[0.274s] Level 1:colcon.colcon_core.package_identification:_identify(.) by extensions ['python_setup_py']
[0.274s] Level 1:colcon.colcon_core.package_identification:_identify(.) by extension 'python_setup_py'
[0.274s] Level 1:colcon.colcon_core.package_identification:_identify(build) by extensions ['ignore', 'ignore_ament_install']
[0.275s] Level 1:colcon.colcon_core.package_identification:_identify(build) by extension 'ignore'
[0.275s] Level 1:colcon.colcon_core.package_identification:_identify(build) ignored
[0.275s] Level 1:colcon.colcon_core.package_identification:_identify(install) by extensions ['ignore', 'ignore_ament_install']
[0.275s] Level 1:colcon.colcon_core.package_identification:_identify(install) by extension 'ignore'
[0.275s] Level 1:colcon.colcon_core.package_identification:_identify(install) ignored
[0.275s] Level 1:colcon.colcon_core.package_identification:_identify(log) by extensions ['ignore', 'ignore_ament_install']
[0.275s] Level 1:colcon.colcon_core.package_identification:_identify(log) by extension 'ignore'
[0.275s] Level 1:colcon.colcon_core.package_identification:_identify(log) ignored
[0.275s] Level 1:colcon.colcon_core.package_identification:_identify(ros_behavior_fsm) by extensions ['ignore', 'ignore_ament_install']
[0.276s] Level 1:colcon.colcon_core.package_identification:_identify(ros_behavior_fsm) by extension 'ignore'
[0.276s] Level 1:colcon.colcon_core.package_identification:_identify(ros_behavior_fsm) by extension 'ignore_ament_install'
[0.276s] Level 1:colcon.colcon_core.package_identification:_identify(ros_behavior_fsm) by extensions ['colcon_pkg']
[0.276s] Level 1:colcon.colcon_core.package_identification:_identify(ros_behavior_fsm) by extension 'colcon_pkg'
[0.276s] Level 1:colcon.colcon_core.package_identification:_identify(ros_behavior_fsm) by extensions ['colcon_meta']
[0.276s] Level 1:colcon.colcon_core.package_identification:_identify(ros_behavior_fsm) by extension 'colcon_meta'
[0.276s] Level 1:colcon.colcon_core.package_identification:_identify(ros_behavior_fsm) by extensions ['ros']
[0.276s] Level 1:colcon.colcon_core.package_identification:_identify(ros_behavior_fsm) by extension 'ros'
[0.279s] DEBUG:colcon.colcon_core.package_identification:Package 'ros_behavior_fsm' with type 'ros.ament_python' and name 'ros_behavior_fsm'
[0.280s] Level 1:colcon.colcon_core.package_discovery:discover_packages(recursive) using defaults
[0.280s] Level 1:colcon.colcon_core.package_discovery:discover_packages(ignore) discover
[0.280s] Level 1:colcon.colcon_core.package_discovery:discover_packages(ignore) using defaults
[0.280s] Level 1:colcon.colcon_core.package_discovery:discover_packages(path) discover
[0.280s] Level 1:colcon.colcon_core.package_discovery:discover_packages(path) using defaults
[0.311s] Level 1:colcon.colcon_core.package_discovery:discover_packages(prefix_path) check parameters
[0.311s] Level 1:colcon.colcon_core.package_discovery:discover_packages(prefix_path) discover
[0.315s] DEBUG:colcon.colcon_installed_package_information.package_discovery:Found 17 installed packages in /home/ellie/ros2_ws/install
[0.316s] DEBUG:colcon.colcon_installed_package_information.package_discovery:Found 1 installed packages in /home/ellie/ros2_ws/src/roboBehaviors-FSM/install
[0.318s] DEBUG:colcon.colcon_installed_package_information.package_discovery:Found 395 installed packages in /opt/ros/jazzy
[0.321s] Level 1:colcon.colcon_core.package_discovery:discover_packages(prefix_path) using defaults
[0.399s] Level 5:colcon.colcon_core.verb:set package 'ros_behavior_fsm' build argument 'cmake_args' from command line to 'None'
[0.399s] Level 5:colcon.colcon_core.verb:set package 'ros_behavior_fsm' build argument 'cmake_target' from command line to 'None'
[0.399s] Level 5:colcon.colcon_core.verb:set package 'ros_behavior_fsm' build argument 'cmake_target_skip_unavailable' from command line to 'False'
[0.399s] Level 5:colcon.colcon_core.verb:set package 'ros_behavior_fsm' build argument 'cmake_clean_cache' from command line to 'False'
[0.399s] Level 5:colcon.colcon_core.verb:set package 'ros_behavior_fsm' build argument 'cmake_clean_first' from command line to 'False'
[0.399s] Level 5:colcon.colcon_core.verb:set package 'ros_behavior_fsm' build argument 'cmake_force_configure' from command line to 'False'
[0.399s] Level 5:colcon.colcon_core.verb:set package 'ros_behavior_fsm' build argument 'ament_cmake_args' from command line to 'None'
[0.399s] Level 5:colcon.colcon_core.verb:set package 'ros_behavior_fsm' build argument 'catkin_cmake_args' from command line to 'None'
[0.399s] Level 5:colcon.colcon_core.verb:set package 'ros_behavior_fsm' build argument 'catkin_skip_building_tests' from command line to 'False'
[0.399s] DEBUG:colcon.colcon_core.verb:Building package 'ros_behavior_fsm' with the following arguments: {'ament_cmake_args': None, 'build_base': '/home/ellie/ros2_ws/src/roboBehaviors-FSM/build/ros_behavior_fsm', 'catkin_cmake_args': None, 'catkin_skip_building_tests': False, 'cmake_args': None, 'cmake_clean_cache': False, 'cmake_clean_first': False, 'cmake_force_configure': False, 'cmake_target': None, 'cmake_target_skip_unavailable': False, 'install_base': '/home/ellie/ros2_ws/src/roboBehaviors-FSM/install/ros_behavior_fsm', 'merge_install': False, 'path': '/home/ellie/ros2_ws/src/roboBehaviors-FSM/ros_behavior_fsm', 'symlink_install': True, 'test_result_base': None}
[0.399s] INFO:colcon.colcon_core.executor:Executing jobs using 'parallel' executor
[0.401s] DEBUG:colcon.colcon_parallel_executor.executor.parallel:run_until_complete
[0.401s] INFO:colcon.colcon_ros.task.ament_python.build:Building ROS package in '/home/ellie/ros2_ws/src/roboBehaviors-FSM/ros_behavior_fsm' with build type 'ament_python'
[0.401s] Level 1:colcon.colcon_core.shell:create_environment_hook('ros_behavior_fsm', 'ament_prefix_path')
[0.405s] INFO:colcon.colcon_core.plugin_system:Skipping extension 'colcon_core.shell.bat': Not used on non-Windows systems
[0.405s] INFO:colcon.colcon_core.shell:Creating environment hook '/home/ellie/ros2_ws/src/roboBehaviors-FSM/install/ros_behavior_fsm/share/ros_behavior_fsm/hook/ament_prefix_path.ps1'
[0.406s] INFO:colcon.colcon_core.shell:Creating environment descriptor '/home/ellie/ros2_ws/src/roboBehaviors-FSM/install/ros_behavior_fsm/share/ros_behavior_fsm/hook/ament_prefix_path.dsv'
[0.407s] INFO:colcon.colcon_core.shell:Creating environment hook '/home/ellie/ros2_ws/src/roboBehaviors-FSM/install/ros_behavior_fsm/share/ros_behavior_fsm/hook/ament_prefix_path.sh'
[0.407s] INFO:colcon.colcon_core.shell:Skip shell extension 'powershell' for command environment: Not usable outside of PowerShell
[0.407s] DEBUG:colcon.colcon_core.shell:Skip shell extension 'dsv' for command environment
[0.694s] INFO:colcon.colcon_core.task.python.build:Building Python package in '/home/ellie/ros2_ws/src/roboBehaviors-FSM/ros_behavior_fsm'
[0.695s] INFO:colcon.colcon_core.shell:Skip shell extension 'powershell' for command environment: Not usable outside of PowerShell
[0.695s] DEBUG:colcon.colcon_core.shell:Skip shell extension 'dsv' for command environment
[1.619s] DEBUG:colcon.colcon_core.task.python.build:Available setuptools commands: build_scripts, compile_catalog, upload, bdist_dumb, clean, rotate, build_clib, build_py, bdist, extract_messages, dist_info, upload_docs, install_scripts, symlink_data, alias, build, bdist_wheel, install_egg_info, build_ext, install_data, check, easy_install, init_catalog, setopt, sdist, install_lib, bdist_egg, bdist_rpm, egg_info, test, saveopts, update_catalog, develop, editable_wheel, install_headers, register, install
[2.052s] DEBUG:colcon.colcon_core.task.python.build:Available setuptools 'develop' options: --quiet, --exclude-scripts, --script-dir, --always-copy, --no-deps, --find-links, --local-snapshots-ok, --install-dir, --site-dirs, --optimize, --prefix, --uninstall, --upgrade, --allow-hosts, --multi-version, --build-directory, --help, --record, --install-layout, --user, --version, --verbose, --dry-run, --no-user-cfg, --zip-ok, --no-find-links, --index-url, --always-unzip, --egg-path, --force-installation-into-system-dir, --editable
[2.053s] DEBUG:colcon.colcon_core.task.python.build:While undoing a previous installation files outside the Python library path are being ignored: /home/ellie/ros2_ws/src/roboBehaviors-FSM/install/ros_behavior_fsm/share/ament_index/resource_index/packages/ros_behavior_fsm
[2.053s] DEBUG:colcon.colcon_core.task.python.build:While undoing a previous installation files outside the Python library path are being ignored: /home/ellie/ros2_ws/src/roboBehaviors-FSM/install/ros_behavior_fsm/share/ros_behavior_fsm/package.xml
[2.053s] DEBUG:colcon.colcon_core.task.python.build:While undoing a previous installation files outside the Python library path are being ignored: /home/ellie/ros2_ws/src/roboBehaviors-FSM/install/ros_behavior_fsm/lib/ros_behavior_fsm/collision_avoidance
[2.053s] DEBUG:colcon.colcon_core.task.python.build:While undoing a previous installation files outside the Python library path are being ignored: /home/ellie/ros2_ws/src/roboBehaviors-FSM/install/ros_behavior_fsm/lib/ros_behavior_fsm/go_straight
[2.053s] DEBUG:colcon.colcon_core.task.python.build:While undoing a previous installation files outside the Python library path are being ignored: /home/ellie/ros2_ws/src/roboBehaviors-FSM/install/ros_behavior_fsm/lib/ros_behavior_fsm/wall_follower
[2.055s] DEBUG:colcon.colcon_core.event_handler.log_command:Invoking command in '/home/ellie/ros2_ws/src/roboBehaviors-FSM/build/ros_behavior_fsm': DEBUGINFOD_URLS=https://debuginfod.ubuntu.com PYTHONPATH=/home/ellie/ros2_ws/src/roboBehaviors-FSM/build/ros_behavior_fsm/prefix_override:/usr/lib/python3/dist-packages/colcon_core/task/python/colcon_distutils_commands:/home/ellie/ros2_ws/src/roboBehaviors-FSM/install/ros_behavior_fsm/lib/python3.12/site-packages:${PYTHONPATH} /usr/bin/python3 -W ignore:setup.py install is deprecated -W ignore:easy_install command is deprecated setup.py develop --editable --build-directory /home/ellie/ros2_ws/src/roboBehaviors-FSM/build/ros_behavior_fsm/build --no-deps symlink_data --force
[2.938s] Level 1:colcon.colcon_core.shell:create_environment_hook('ros_behavior_fsm', 'pythonpath_develop')
[2.938s] INFO:colcon.colcon_core.shell:Creating environment hook '/home/ellie/ros2_ws/src/roboBehaviors-FSM/build/ros_behavior_fsm/share/ros_behavior_fsm/hook/pythonpath_develop.ps1'
[2.939s] DEBUG:colcon.colcon_core.event_handler.log_command:Invoked command in '/home/ellie/ros2_ws/src/roboBehaviors-FSM/build/ros_behavior_fsm' returned '0': DEBUGINFOD_URLS=https://debuginfod.ubuntu.com PYTHONPATH=/home/ellie/ros2_ws/src/roboBehaviors-FSM/build/ros_behavior_fsm/prefix_override:/usr/lib/python3/dist-packages/colcon_core/task/python/colcon_distutils_commands:/home/ellie/ros2_ws/src/roboBehaviors-FSM/install/ros_behavior_fsm/lib/python3.12/site-packages:${PYTHONPATH} /usr/bin/python3 -W ignore:setup.py install is deprecated -W ignore:easy_install command is deprecated setup.py develop --editable --build-directory /home/ellie/ros2_ws/src/roboBehaviors-FSM/build/ros_behavior_fsm/build --no-deps symlink_data --force
[2.940s] INFO:colcon.colcon_core.shell:Creating environment descriptor '/home/ellie/ros2_ws/src/roboBehaviors-FSM/build/ros_behavior_fsm/share/ros_behavior_fsm/hook/pythonpath_develop.dsv'
[2.940s] INFO:colcon.colcon_core.shell:Creating environment hook '/home/ellie/ros2_ws/src/roboBehaviors-FSM/build/ros_behavior_fsm/share/ros_behavior_fsm/hook/pythonpath_develop.sh'
[2.946s] Level 1:colcon.colcon_core.environment:checking '/home/ellie/ros2_ws/src/roboBehaviors-FSM/install/ros_behavior_fsm' for CMake module files
[2.946s] Level 1:colcon.colcon_core.environment:checking '/home/ellie/ros2_ws/src/roboBehaviors-FSM/install/ros_behavior_fsm' for CMake config files
[2.947s] Level 1:colcon.colcon_core.environment:checking '/home/ellie/ros2_ws/src/roboBehaviors-FSM/install/ros_behavior_fsm/lib'
[2.947s] Level 1:colcon.colcon_core.environment:checking '/home/ellie/ros2_ws/src/roboBehaviors-FSM/install/ros_behavior_fsm/bin'
[2.947s] Level 1:colcon.colcon_core.environment:checking '/home/ellie/ros2_ws/src/roboBehaviors-FSM/install/ros_behavior_fsm/lib/pkgconfig/ros_behavior_fsm.pc'
[2.948s] Level 1:colcon.colcon_core.environment:checking '/home/ellie/ros2_ws/src/roboBehaviors-FSM/install/ros_behavior_fsm/lib/python3.12/site-packages'
[2.948s] Level 1:colcon.colcon_core.shell:create_environment_hook('ros_behavior_fsm', 'pythonpath')
[2.948s] INFO:colcon.colcon_core.shell:Creating environment hook '/home/ellie/ros2_ws/src/roboBehaviors-FSM/install/ros_behavior_fsm/share/ros_behavior_fsm/hook/pythonpath.ps1'
[2.949s] INFO:colcon.colcon_core.shell:Creating environment descriptor '/home/ellie/ros2_ws/src/roboBehaviors-FSM/install/ros_behavior_fsm/share/ros_behavior_fsm/hook/pythonpath.dsv'
[2.949s] INFO:colcon.colcon_core.shell:Creating environment hook '/home/ellie/ros2_ws/src/roboBehaviors-FSM/install/ros_behavior_fsm/share/ros_behavior_fsm/hook/pythonpath.sh'
[2.950s] Level 1:colcon.colcon_core.environment:checking '/home/ellie/ros2_ws/src/roboBehaviors-FSM/install/ros_behavior_fsm/bin'
[2.950s] Level 1:colcon.colcon_core.environment:create_environment_scripts_only(ros_behavior_fsm)
[2.950s] INFO:colcon.colcon_core.shell:Creating package script '/home/ellie/ros2_ws/src/roboBehaviors-FSM/install/ros_behavior_fsm/share/ros_behavior_fsm/package.ps1'
[2.952s] INFO:colcon.colcon_core.shell:Creating package descriptor '/home/ellie/ros2_ws/src/roboBehaviors-FSM/install/ros_behavior_fsm/share/ros_behavior_fsm/package.dsv'
[2.953s] INFO:colcon.colcon_core.shell:Creating package script '/home/ellie/ros2_ws/src/roboBehaviors-FSM/install/ros_behavior_fsm/share/ros_behavior_fsm/package.sh'
[2.954s] INFO:colcon.colcon_core.shell:Creating package script '/home/ellie/ros2_ws/src/roboBehaviors-FSM/install/ros_behavior_fsm/share/ros_behavior_fsm/package.bash'
[2.955s] INFO:colcon.colcon_core.shell:Creating package script '/home/ellie/ros2_ws/src/roboBehaviors-FSM/install/ros_behavior_fsm/share/ros_behavior_fsm/package.zsh'
[2.955s] Level 1:colcon.colcon_core.environment:create_file_with_runtime_dependencies(/home/ellie/ros2_ws/src/roboBehaviors-FSM/install/ros_behavior_fsm/share/colcon-core/packages/ros_behavior_fsm)
[2.956s] DEBUG:colcon.colcon_parallel_executor.executor.parallel:closing loop
[2.956s] DEBUG:colcon.colcon_parallel_executor.executor.parallel:loop closed
[2.957s] DEBUG:colcon.colcon_parallel_executor.executor.parallel:run_until_complete finished with '0'
[2.957s] DEBUG:colcon.colcon_core.event_reactor:joining thread
[2.965s] INFO:colcon.colcon_core.plugin_system:Skipping extension 'colcon_notification.desktop_notification.terminal_notifier': Not used on non-Darwin systems
[2.965s] INFO:colcon.colcon_core.plugin_system:Skipping extension 'colcon_notification.desktop_notification.win32': Not used on non-Windows systems
[2.965s] INFO:colcon.colcon_notification.desktop_notification:Sending desktop notification using 'notify2'
[3.006s] DEBUG:colcon.colcon_core.event_reactor:joined thread
[3.007s] INFO:colcon.colcon_core.shell:Creating prefix script '/home/ellie/ros2_ws/src/roboBehaviors-FSM/install/local_setup.ps1'
[3.008s] INFO:colcon.colcon_core.shell:Creating prefix util module '/home/ellie/ros2_ws/src/roboBehaviors-FSM/install/_local_setup_util_ps1.py'
[3.010s] INFO:colcon.colcon_core.shell:Creating prefix chain script '/home/ellie/ros2_ws/src/roboBehaviors-FSM/install/setup.ps1'
[3.012s] INFO:colcon.colcon_core.shell:Creating prefix script '/home/ellie/ros2_ws/src/roboBehaviors-FSM/install/local_setup.sh'
[3.013s] INFO:colcon.colcon_core.shell:Creating prefix util module '/home/ellie/ros2_ws/src/roboBehaviors-FSM/install/_local_setup_util_sh.py'
[3.013s] INFO:colcon.colcon_core.shell:Creating prefix chain script '/home/ellie/ros2_ws/src/roboBehaviors-FSM/install/setup.sh'
[3.015s] INFO:colcon.colcon_core.shell:Creating prefix script '/home/ellie/ros2_ws/src/roboBehaviors-FSM/install/local_setup.bash'
[3.016s] INFO:colcon.colcon_core.shell:Creating prefix chain script '/home/ellie/ros2_ws/src/roboBehaviors-FSM/install/setup.bash'
[3.018s] INFO:colcon.colcon_core.shell:Creating prefix script '/home/ellie/ros2_ws/src/roboBehaviors-FSM/install/local_setup.zsh'
[3.019s] INFO:colcon.colcon_core.shell:Creating prefix chain script '/home/ellie/ros2_ws/src/roboBehaviors-FSM/install/setup.zsh'
