/home/ellie/ros2_ws/src/roboBehaviors-FSM/install/ros_behavior_fsm/lib/python3.12/site-packages/ros_behavior_fsm/wall_follower.py
/home/ellie/ros2_ws/src/roboBehaviors-FSM/install/ros_behavior_fsm/lib/python3.12/site-packages/ros_behavior_fsm/__init__.py
/home/ellie/ros2_ws/src/roboBehaviors-FSM/install/ros_behavior_fsm/lib/python3.12/site-packages/ros_behavior_fsm/collision_avoidance.py
/home/ellie/ros2_ws/src/roboBehaviors-FSM/install/ros_behavior_fsm/lib/python3.12/site-packages/ros_behavior_fsm/go_straight.py
/home/ellie/ros2_ws/src/roboBehaviors-FSM/install/ros_behavior_fsm/lib/python3.12/site-packages/ros_behavior_fsm/__pycache__/wall_follower.cpython-312.pyc
/home/ellie/ros2_ws/src/roboBehaviors-FSM/install/ros_behavior_fsm/lib/python3.12/site-packages/ros_behavior_fsm/__pycache__/__init__.cpython-312.pyc
/home/ellie/ros2_ws/src/roboBehaviors-FSM/install/ros_behavior_fsm/lib/python3.12/site-packages/ros_behavior_fsm/__pycache__/collision_avoidance.cpython-312.pyc
/home/ellie/ros2_ws/src/roboBehaviors-FSM/install/ros_behavior_fsm/lib/python3.12/site-packages/ros_behavior_fsm/__pycache__/go_straight.cpython-312.pyc
/home/ellie/ros2_ws/src/roboBehaviors-FSM/install/ros_behavior_fsm/share/ament_index/resource_index/packages/ros_behavior_fsm
/home/ellie/ros2_ws/src/roboBehaviors-FSM/install/ros_behavior_fsm/share/ros_behavior_fsm/package.xml
/home/ellie/ros2_ws/src/roboBehaviors-FSM/install/ros_behavior_fsm/lib/python3.12/site-packages/ros_behavior_fsm-0.0.0-py3.12.egg-info/top_level.txt
/home/ellie/ros2_ws/src/roboBehaviors-FSM/install/ros_behavior_fsm/lib/python3.12/site-packages/ros_behavior_fsm-0.0.0-py3.12.egg-info/SOURCES.txt
/home/ellie/ros2_ws/src/roboBehaviors-FSM/install/ros_behavior_fsm/lib/python3.12/site-packages/ros_behavior_fsm-0.0.0-py3.12.egg-info/PKG-INFO
/home/ellie/ros2_ws/src/roboBehaviors-FSM/install/ros_behavior_fsm/lib/python3.12/site-packages/ros_behavior_fsm-0.0.0-py3.12.egg-info/entry_points.txt
/home/ellie/ros2_ws/src/roboBehaviors-FSM/install/ros_behavior_fsm/lib/python3.12/site-packages/ros_behavior_fsm-0.0.0-py3.12.egg-info/zip-safe
/home/ellie/ros2_ws/src/roboBehaviors-FSM/install/ros_behavior_fsm/lib/python3.12/site-packages/ros_behavior_fsm-0.0.0-py3.12.egg-info/requires.txt
/home/ellie/ros2_ws/src/roboBehaviors-FSM/install/ros_behavior_fsm/lib/python3.12/site-packages/ros_behavior_fsm-0.0.0-py3.12.egg-info/dependency_links.txt
/home/ellie/ros2_ws/src/roboBehaviors-FSM/install/ros_behavior_fsm/lib/ros_behavior_fsm/collision_avoidance
/home/ellie/ros2_ws/src/roboBehaviors-FSM/install/ros_behavior_fsm/lib/ros_behavior_fsm/go_straight
/home/ellie/ros2_ws/src/roboBehaviors-FSM/install/ros_behavior_fsm/lib/ros_behavior_fsm/wall_follower
